#Домашнее задание к занятию "3.5. Файловые системы"

1. Почитал. Разредженный файл - это файл, в котором последовательность нулей заменяется на отметку о этой последовательности.
2. Файлы, являющиеся жесткой ссылкой не могут иметь различные права доступа и владельца, так как ссылаются на одну и ту же область в файловой системе, к которой и применяются права доступа.
3. Поднял новую тачку.
4. Разбил в интерактивном режиме *sudo fdisk /dev/sdb*:
>Disk /dev/sdb: 2.51 GiB, 2684354560 bytes, 5242880 sectors
Disk model: VBOX HARDDISK
Units: sectors of 1 * 512 = 512 bytes
Sector size (logical/physical): 512 bytes / 512 bytes
I/O size (minimum/optimal): 512 bytes / 512 bytes
Disklabel type: dos
Disk identifier: 0x762d19d9

>Device     Boot   Start     End Sectors   Size Id Type
/dev/sdb1          2048 4000000 3997953   1.9G 83 Linux
/dev/sdb2       4000001 5242879 1242879 606.9M 83 Linux


>Disk /dev/sdc: 2.51 GiB, 2684354560 bytes, 5242880 sectors
Disk model: VBOX HARDDISK
Units: sectors of 1 * 512 = 512 bytes
Sector size (logical/physical): 512 bytes / 512 bytes
I/O size (minimum/optimal): 512 bytes / 512 bytes

5. сделал дамп диска sdb и перенес его на sdc:
>sudo sfdisk --dump /dev/sdb >sdb.dump
sudo sfdisk /dev/sdc < sdb.dump
Checking that no-one is using this disk right now ... OK

>Disk /dev/sdc: 2.51 GiB, 2684354560 bytes, 5242880 sectors
Disk model: VBOX HARDDISK
Units: sectors of 1 * 512 = 512 bytes
Sector size (logical/physical): 512 bytes / 512 bytes
I/O size (minimum/optimal): 512 bytes / 512 bytes

> Script header accepted.
> Script header accepted.
> Script header accepted.
> Script header accepted.
> Created a new DOS disklabel with disk identifier 0x762d19d9.
/dev/sdc1: Created a new partition 1 of type 'Linux' and of size 1.9 GiB.
/dev/sdc2: Created a new partition 2 of type 'Linux' and of size 606.9 MiB.
/dev/sdc3: Done.

>New situation:
Disklabel type: dos
Disk identifier: 0x762d19d9

>Device     Boot   Start     End Sectors   Size Id Type
/dev/sdc1          2048 4000000 3997953   1.9G 83 Linux
/dev/sdc2       4000001 5242879 1242879 606.9M 83 Linux

>The partition table has been altered.
Calling ioctl() to re-read partition table.
Syncing disks.
6. Создал RAID1:
>mdadm --create --verbose /dev/md0 --level=1 --raid-devices=2 /dev/sdb1 /dev/sdc1 <br>
mdadm: Note: this array has metadata at the start and<br>
    may not be suitable as a boot device.  If you plan to<br>
    store '/boot' on this device please ensure that<br>
    your boot-loader understands md/v1.x metadata, or use<br>
    --metadata=0.90<br>
mdadm: size set to 1996928K<br>
Continue creating array?<br>
Continue creating array? (y/n) y<br>
mdadm: Defaulting to version 1.2 metadata<br>
mdadm: array /dev/md0 started.<br>
root@vagrant:~# fdisk -l<br>
Disk /dev/sda: 64 GiB, 68719476736 bytes, 134217728 sectors
Disk model: VBOX HARDDISK
Units: sectors of 1 * 512 = 512 bytes
Sector size (logical/physical): 512 bytes / 512 bytes
I/O size (minimum/optimal): 512 bytes / 512 bytes
Disklabel type: dos
Disk identifier: 0x3f94c461

>Device     Boot   Start       End   Sectors  Size Id Type
/dev/sda1  *       2048   1050623   1048576  512M  b W95 FAT32
/dev/sda2       1052670 134215679 133163010 63.5G  5 Extended
/dev/sda5       1052672 134215679 133163008 63.5G 8e Linux LVM


>Disk /dev/sdb: 2.51 GiB, 2684354560 bytes, 5242880 sectors
Disk model: VBOX HARDDISK
Units: sectors of 1 * 512 = 512 bytes
Sector size (logical/physical): 512 bytes / 512 bytes
I/O size (minimum/optimal): 512 bytes / 512 bytes
Disklabel type: dos
Disk identifier: 0x762d19d9

>Device     Boot   Start     End Sectors   Size Id Type
/dev/sdb1          2048 4000000 3997953   1.9G 83 Linux
/dev/sdb2       4000001 5242879 1242879 606.9M 83 Linux


>Disk /dev/sdc: 2.51 GiB, 2684354560 bytes, 5242880 sectors
Disk model: VBOX HARDDISK
Units: sectors of 1 * 512 = 512 bytes
Sector size (logical/physical): 512 bytes / 512 bytes
I/O size (minimum/optimal): 512 bytes / 512 bytes
Disklabel type: dos
Disk identifier: 0x762d19d9

>Device     Boot   Start     End Sectors   Size Id Type
/dev/sdc1          2048 4000000 3997953   1.9G 83 Linux
/dev/sdc2       4000001 5242879 1242879 606.9M 83 Linux


>Disk /dev/mapper/vgvagrant-root: 62.55 GiB, 67150807040 bytes, 131153920 sectors
Units: sectors of 1 * 512 = 512 bytes
Sector size (logical/physical): 512 bytes / 512 bytes
I/O size (minimum/optimal): 512 bytes / 512 bytes


>Disk /dev/mapper/vgvagrant-swap_1: 980 MiB, 1027604480 bytes, 2007040 sectors
Units: sectors of 1 * 512 = 512 bytes
Sector size (logical/physical): 512 bytes / 512 bytes
I/O size (minimum/optimal): 512 bytes / 512 bytes


>Disk /dev/md0: 1.93 GiB, 2044854272 bytes, 3993856 sectors
Units: sectors of 1 * 512 = 512 bytes
Sector size (logical/physical): 512 bytes / 512 bytes
I/O size (minimum/optimal): 512 bytes / 512 bytes
7. Создал RAID 0:
>root@vagrant:~# mdadm --create --verbose /dev/md1 --level=0 --raid-devices=2 /dev/s
db2 /dev/sdc2
mdadm: chunk size defaults to 512K
mdadm: Defaulting to version 1.2 metadata
mdadm: array /dev/md1 started.
8. Создал PV:
>root@vagrant:\~# pvcreate /dev/md0
>Physical volume "/dev/md0" successfully created.
>root@vagrant:\~# pvcreate /dev/md1 
>Physical volume "/dev/md1" successfully created.<br>
>root@vagrant:~# pvs <br>
>  PV         VG        Fmt  Attr PSize   PFree<br>
>  /dev/md0             lvm2 ---    1.90g 1.90g<br>
>  /dev/md1             lvm2 ---    1.18g 1.18g<br>
>  /dev/sda5  vgvagrant lvm2 a--  <63.50g    0<br>
9. Создал общуюю VG
> root@vagrant:\~# vgcreate vlo_gr /dev/md0 /dev/md1<br>
  Volume group "vlo_gr" successfully created<br>
root@vagrant:\~# vgs<br>
  VG        #PV #LV #SN Attr   VSize   VFree<br>
  vgvagrant   1   2   0 wz--n- <63.50g    0<br>
  vlo_gr      2   0   0 wz--n-   3.08g 3.08g<br>
10. Создал lv
>lvcreate -L 100 -n lv1_RAID0 vlo_gr /dev/md1<br>
  Logical volume "lv1_RAID0" created.
11. Создал ФС:
>root@vagrant:\~# mkfs.ext4 -t ext4 -L VOL_RAID0 /dev/vlo_gr/lv1_RAID0<br>
mke2fs 1.45.5 (07-Jan-2020)<br>
Creating filesystem with 25600 4k blocks and 25600 inodes<br>
<br>
>Allocating group tables: done<br>
Writing inode tables: done<br>
Creating journal (1024 blocks): done<br>
Writing superblocks and filesystem accounting information: done<br>
12. создал директорию и смонтировал в нее фс:
>root@vagrant:\~# mkdir /tmp/new && mount /dev/vlo_gr/lv1_RAID0 /tmp/new/
13. Скачал файл:
>root@vagrant:/tmp/new# wget https://mirror.yandex.ru/ubuntu/ls-lR.gz -O /tmp/new/test.gz<br>
--2021-09-20 15:05:36--  https://mirror.yandex.ru/ubuntu/ls-lR.gz<br>
Resolving mirror.yandex.ru (mirror.yandex.ru)... 213.180.204.183, 2a02:6b8::183<br>
Connecting to mirror.yandex.ru (mirror.yandex.ru)|213.180.204.183|:443... connected.<br>
HTTP request sent, awaiting response... 200 OK<br>
Length: 21005816 (20M) [application/octet-stream]<br>
Saving to: ‘/tmp/new/test.gz’<br>
<br>
/tmp/new/test.gz       100%[============================>]  20.03M  5.16MB/s    in 4.6s<br>
<br>
2021-09-20 15:05:41 (4.34 MB/s) - ‘/tmp/new/test.gz’ saved [21005816/21005816]<br>
14. Вывод lsblk:
>root@vagrant:/tmp/new# lsblk<br>
NAME                   MAJ:MIN RM   SIZE RO TYPE  MOUNTPOINT<br>
sda                      8:0    0    64G  0 disk<br>
├─sda1                   8:1    0   512M  0 part  /boot/efi<br>
├─sda2                   8:2    0     1K  0 part<br>
└─sda5                   8:5    0  63.5G  0 part<br>
  ├─vgvagrant-root     253:0    0  62.6G  0 lvm   /<br>
  └─vgvagrant-swap_1   253:1    0   980M  0 lvm   [SWAP]<br>
sdb                      8:16   0   2.5G  0 disk<br>
├─sdb1                   8:17   0   1.9G  0 part<br>
│ └─md0                  9:0    0   1.9G  0 raid1<br>
└─sdb2                   8:18   0 606.9M  0 part<br>
  └─md1                  9:1    0   1.2G  0 raid0<br>
    └─vlo_gr-lv1_RAID0 253:2    0   100M  0 lvm   /tmp/new<br>
sdc                      8:32   0   2.5G  0 disk<br>
├─sdc1                   8:33   0   1.9G  0 part<br>
│ └─md0                  9:0    0   1.9G  0 raid1<br>
└─sdc2                   8:34   0 606.9M  0 part<br>
  └─md1                  9:1    0   1.2G  0 raid0<br>
    └─vlo_gr-lv1_RAID0 253:2    0   100M  0 lvm   /tmp/new<br>
15. Тестирование содержимого:
>root@vagrant:/tmp/new# gzip -t /tmp/new/test.gz<br>
root@vagrant:/tmp/new# echo $?<br>
0<br>
16. Перемещение содержимого:
>root@vagrant:/tmp/new# pvmove /dev/md1 /dev/md0<br>
  /dev/md1: Moved: 8.00%<br>
  /dev/md1: Moved: 100.00%<br>
17. --fail:
>root@vagrant:/tmp/new# mdadm --fail /dev/md0<br>
18. dmesg:
>[10009.557363]  sdb: sdb1 sdb2<br>
[10293.133482]  sdc: sdc1 sdc2<br>
[11575.647799] md/raid1:md0: not clean -- starting background reconstruction<br>
[11575.647802] md/raid1:md0: active with 2 out of 2 mirrors<br>
[11575.647830] md0: detected capacity change from 0 to 2044854272<br>
[11575.656340] md: resync of RAID array md0<br>
[11591.302735] md: md0: resync done.<br>
[12326.646291] md1: detected capacity change from 0 to 1267728384<br>
[39491.900363] EXT4-fs (dm-2): mounted filesystem with ordered data mode. Opts: (null)<br>
[39491.900381] ext4 filesystem being mounted at /tmp/new supports timestamps until 2038 (0x7fffffff)<br>
19. Тестирование:
>root@vagrant:/tmp/new# gzip -t /tmp/new/test.gz<br>
root@vagrant:/tmp/new# echo $?<br>
0<br>