#Домашнее задание к занятию "3.5. Файловые системы"

1. Почитал. Разредженный файл - это файл, в котором последовательность нулей заменяется на отметку о этой последовательности.
2. Файлы, являющиеся жесткой ссылкой не могут иметь различные права доступа и владельца, так как ссылаются на одну и ту же область в файловой системе, к которой и применяются права доступа.
3. Поднял новую тачку.
4. Разбил в интерактивном режиме *sudo fdisk /dev/sdb*:
>Disk /dev/sdb: 2.51 GiB, 2684354560 bytes, 5242880 sectors
Disk model: VBOX HARDDISK
Units: sectors of 1 * 512 = 512 bytes
Sector size (logical/physical): 512 bytes / 512 bytes
I/O size (minimum/optimal): 512 bytes / 512 bytes
Disklabel type: dos
Disk identifier: 0x762d19d9

>Device     Boot   Start     End Sectors   Size Id Type
/dev/sdb1          2048 4000000 3997953   1.9G 83 Linux
/dev/sdb2       4000001 5242879 1242879 606.9M 83 Linux


>Disk /dev/sdc: 2.51 GiB, 2684354560 bytes, 5242880 sectors
Disk model: VBOX HARDDISK
Units: sectors of 1 * 512 = 512 bytes
Sector size (logical/physical): 512 bytes / 512 bytes
I/O size (minimum/optimal): 512 bytes / 512 bytes

5. сделал дамп диска sdb и перенес его на sdc:
>sudo sfdisk --dump /dev/sdb >sdb.dump
sudo sfdisk /dev/sdc < sdb.dump
Checking that no-one is using this disk right now ... OK

>Disk /dev/sdc: 2.51 GiB, 2684354560 bytes, 5242880 sectors
Disk model: VBOX HARDDISK
Units: sectors of 1 * 512 = 512 bytes
Sector size (logical/physical): 512 bytes / 512 bytes
I/O size (minimum/optimal): 512 bytes / 512 bytes

> Script header accepted.
> Script header accepted.
> Script header accepted.
> Script header accepted.
> Created a new DOS disklabel with disk identifier 0x762d19d9.
/dev/sdc1: Created a new partition 1 of type 'Linux' and of size 1.9 GiB.
/dev/sdc2: Created a new partition 2 of type 'Linux' and of size 606.9 MiB.
/dev/sdc3: Done.

>New situation:
Disklabel type: dos
Disk identifier: 0x762d19d9

>Device     Boot   Start     End Sectors   Size Id Type
/dev/sdc1          2048 4000000 3997953   1.9G 83 Linux
/dev/sdc2       4000001 5242879 1242879 606.9M 83 Linux

>The partition table has been altered.
Calling ioctl() to re-read partition table.
Syncing disks.
6. Создал RAID1:
>mdadm --create --verbose /dev/md0 --level=1 --raid-devices=2 /dev/sdb1 /dev/sdc1 <br>
mdadm: Note: this array has metadata at the start and<br>
    may not be suitable as a boot device.  If you plan to<br>
    store '/boot' on this device please ensure that<br>
    your boot-loader understands md/v1.x metadata, or use<br>
    --metadata=0.90<br>
mdadm: size set to 1996928K<br>
Continue creating array?<br>
Continue creating array? (y/n) y<br>
mdadm: Defaulting to version 1.2 metadata<br>
mdadm: array /dev/md0 started.<br>
root@vagrant:~# fdisk -l<br>
Disk /dev/sda: 64 GiB, 68719476736 bytes, 134217728 sectors
Disk model: VBOX HARDDISK
Units: sectors of 1 * 512 = 512 bytes
Sector size (logical/physical): 512 bytes / 512 bytes
I/O size (minimum/optimal): 512 bytes / 512 bytes
Disklabel type: dos
Disk identifier: 0x3f94c461

>Device     Boot   Start       End   Sectors  Size Id Type
/dev/sda1  *       2048   1050623   1048576  512M  b W95 FAT32
/dev/sda2       1052670 134215679 133163010 63.5G  5 Extended
/dev/sda5       1052672 134215679 133163008 63.5G 8e Linux LVM


>Disk /dev/sdb: 2.51 GiB, 2684354560 bytes, 5242880 sectors
Disk model: VBOX HARDDISK
Units: sectors of 1 * 512 = 512 bytes
Sector size (logical/physical): 512 bytes / 512 bytes
I/O size (minimum/optimal): 512 bytes / 512 bytes
Disklabel type: dos
Disk identifier: 0x762d19d9

>Device     Boot   Start     End Sectors   Size Id Type
/dev/sdb1          2048 4000000 3997953   1.9G 83 Linux
/dev/sdb2       4000001 5242879 1242879 606.9M 83 Linux


>Disk /dev/sdc: 2.51 GiB, 2684354560 bytes, 5242880 sectors
Disk model: VBOX HARDDISK
Units: sectors of 1 * 512 = 512 bytes
Sector size (logical/physical): 512 bytes / 512 bytes
I/O size (minimum/optimal): 512 bytes / 512 bytes
Disklabel type: dos
Disk identifier: 0x762d19d9

>Device     Boot   Start     End Sectors   Size Id Type
/dev/sdc1          2048 4000000 3997953   1.9G 83 Linux
/dev/sdc2       4000001 5242879 1242879 606.9M 83 Linux


>Disk /dev/mapper/vgvagrant-root: 62.55 GiB, 67150807040 bytes, 131153920 sectors
Units: sectors of 1 * 512 = 512 bytes
Sector size (logical/physical): 512 bytes / 512 bytes
I/O size (minimum/optimal): 512 bytes / 512 bytes


>Disk /dev/mapper/vgvagrant-swap_1: 980 MiB, 1027604480 bytes, 2007040 sectors
Units: sectors of 1 * 512 = 512 bytes
Sector size (logical/physical): 512 bytes / 512 bytes
I/O size (minimum/optimal): 512 bytes / 512 bytes


>Disk /dev/md0: 1.93 GiB, 2044854272 bytes, 3993856 sectors
Units: sectors of 1 * 512 = 512 bytes
Sector size (logical/physical): 512 bytes / 512 bytes
I/O size (minimum/optimal): 512 bytes / 512 bytes
7. Создал RAID 0:
>root@vagrant:~# mdadm --create --verbose /dev/md1 --level=0 --raid-devices=2 /dev/s
db2 /dev/sdc2
mdadm: chunk size defaults to 512K
mdadm: Defaulting to version 1.2 metadata
mdadm: array /dev/md1 started.
8. Создал PV:
>root@vagrant:~# pvcreate /dev/md0
>Physical volume "/dev/md0" successfully created.
>root@vagrant:~# pvcreate /dev/md1 
> >Physical volume "/dev/md1" successfully created.
>root@vagrant:~# pvs
>  PV         VG        Fmt  Attr PSize   PFree
>  /dev/md0             lvm2 ---    1.90g 1.90g
>  /dev/md1             lvm2 ---    1.18g 1.18g
>  /dev/sda5  vgvagrant lvm2 a--  <63.50g    0